// Jest Snapshot v1, https://goo.gl/fbAQLP

exports[`render renders successfully 1`] = `
<div
  className="four columns descriptor descriptor-three"
>
  <div
    className="descriptor-title"
  >
    title
  </div>
  <div>
    <i
      className="material-icons descriptor-icon"
    >
      symbol
    </i>
  </div>
  <div
    className="descriptor-text"
  >
    <span>
      description
    </span>
  </div>
</div>
`;
