// Jest Snapshot v1, https://goo.gl/fbAQLP

exports[`render renders successfully 1`] = `
Array [
  <div
    className="new-email-success-response"
  >
    <i
      className="material-icons descriptor-icon"
    >
      mail_outline
    </i>
    <br />
  </div>,
  <div
    className="input-then-button-layout"
  >
    <button
      id="email-copy-button"
      onClick={[Function]}
      title="Copy to clipboard"
      type="submit"
      value="content_copy"
    >
      <i
        className="material-icons descriptor-icon submit-material-icon"
      >
        content_copy
      </i>
      <br />
    </button>
    <span
      className="submit-span"
    >
      <input
        id="new-email-success-text"
        readOnly={true}
        type="email"
        value="test@example.com"
      />
    </span>
    <div
      id="copy-status"
    >
      
    </div>
  </div>,
]
`;
