// Jest Snapshot v1, https://goo.gl/fbAQLP

exports[`render renders successfully 1`] = `
<div
  className="row"
>
  <div
    className="offset-by-two eight columns"
  >
    <form
      id="click-me-form"
      method="POST"
    >
      <input
        id="click-me-text-input"
        name="email"
        onChange={[Function]}
        placeholder="you@domain.com"
        type="email"
        value={null}
      />
      <br />
      <input
        id="click-me-button"
        onClick={[Function]}
        type="submit"
        value="Send request"
      />
    </form>
  </div>
</div>
`;
